
> my-app@0.1.0 dev
> next dev --webpack

▲ Next.js 16.2.10 (webpack)
- Local:         http://localhost:3000
- Network:       http://192.168.10.1:3000
- Environments: .env.local
✓ Ready in 603ms

○ Compiling /staff/login ...
 GET /staff/login 200 in 5.4s (next.js: 5.0s, application-code: 398ms)
 GET /staff/login 200 in 5.5s (next.js: 5.1s, application-code: 403ms)
 GET /staff/login 200 in 77ms (next.js: 10ms, application-code: 66ms)
○ Compiling /owner/admins ...
 GET /owner/admins 200 in 4.7s (next.js: 4.2s, application-code: 505ms)
 GET /staff/login 200 in 174ms (next.js: 22ms, application-code: 151ms)
 GET /staff/login 200 in 93ms (next.js: 7ms, application-code: 86ms)
 GET /staff/login 200 in 55ms (next.js: 4ms, application-code: 52ms)
 GET /staff/login 200 in 163ms (next.js: 9ms, application-code: 154ms)
 GET /staff/login 200 in 367ms (next.js: 10ms, application-code: 358ms)
 GET /staff/login 200 in 214ms (next.js: 11ms, application-code: 202ms)
○ Compiling /owner ...
 GET /owner 200 in 3.8s (next.js: 3.6s, application-code: 205ms)
 GET /owner 200 in 78ms (next.js: 7ms, application-code: 71ms)
 GET /owner/admins 200 in 109ms (next.js: 50ms, application-code: 59ms)
 GET /staff/login 200 in 3.1s (next.js: 2.9s, application-code: 119ms)
 GET /staff/login 200 in 80ms (next.js: 1959µs, application-code: 78ms)
 GET /staff/login 200 in 60ms (next.js: 1815µs, application-code: 58ms)
 GET /staff/login 200 in 36ms (next.js: 3ms, application-code: 34ms)
 GET /staff/login 200 in 191ms (next.js: 82ms, application-code: 110ms)
 GET /staff/login 200 in 71ms (next.js: 3ms, application-code: 69ms)
 GET /staff/login 200 in 56ms (next.js: 3ms, application-code: 52ms)
 GET /owner/admins 200 in 330ms (next.js: 23ms, application-code: 307ms)
 GET /owner 200 in 122ms (next.js: 51ms, application-code: 70ms)
 GET /owner 200 in 61ms (next.js: 6ms, application-code: 55ms)
 GET /owner/admins 200 in 70ms (next.js: 7ms, application-code: 63ms)
 GET /owner/admins 200 in 115ms (next.js: 7ms, application-code: 108ms)
 GET /staff/login 200 in 261ms (next.js: 8ms, application-code: 253ms)
 GET /staff/login 200 in 422ms (next.js: 6ms, application-code: 416ms)
 GET /staff/login 200 in 182ms (next.js: 10ms, application-code: 172ms)
 GET /owner 200 in 62ms (next.js: 7ms, application-code: 55ms)
 GET /owner 200 in 56ms (next.js: 5ms, application-code: 50ms)
 GET /owner/admins 200 in 67ms (next.js: 8ms, application-code: 59ms)
 GET /staff/login 200 in 114ms (next.js: 5ms, application-code: 109ms)
 GET /owner 200 in 82ms (next.js: 10ms, application-code: 72ms)
 GET /owner 200 in 84ms (next.js: 8ms, application-code: 76ms)
 GET /owner/admins 200 in 93ms (next.js: 15ms, application-code: 79ms)
 GET /owner/admins 200 in 278ms (next.js: 152ms, application-code: 126ms)
 GET /owner/admins 200 in 65ms (next.js: 1636µs, application-code: 64ms)
 GET /staff/login 200 in 46ms (next.js: 14ms, application-code: 33ms)
 GET /staff/login 200 in 47ms (next.js: 5ms, application-code: 42ms)
 GET /staff/login 200 in 21ms (next.js: 1891µs, application-code: 19ms)
 GET /owner 200 in 192ms (next.js: 89ms, application-code: 104ms)
 GET /owner 200 in 62ms (next.js: 7ms, application-code: 56ms)
 GET /owner/admins 200 in 65ms (next.js: 7ms, application-code: 59ms)
 GET /staff/login 200 in 505ms (next.js: 19ms, application-code: 486ms)
 GET /staff/login 200 in 197ms (next.js: 12ms, application-code: 185ms)
○ Compiling /portal/force-reset-password ...
 GET /portal/force-reset-password 200 in 7.0s (next.js: 6.4s, application-code: 560ms)
 GET /portal/force-reset-password 200 in 363ms (next.js: 10ms, application-code: 353ms)
 GET /staff/login 200 in 199ms (next.js: 74ms, application-code: 126ms)
 GET /staff/login 200 in 1889ms (next.js: 186ms, application-code: 1703ms)
 GET /staff/login 200 in 185ms (next.js: 12ms, application-code: 172ms)
 GET /portal/force-reset-password 200 in 226ms (next.js: 20ms, application-code: 207ms)
 GET /portal/force-reset-password 200 in 90ms (next.js: 8ms, application-code: 82ms)
 GET /staff/login 200 in 271ms (next.js: 8ms, application-code: 263ms)
 GET /staff/login 200 in 184ms (next.js: 7ms, application-code: 177ms)
 GET /portal/force-reset-password 200 in 164ms (next.js: 7ms, application-code: 157ms)
 GET /portal/force-reset-password 200 in 75ms (next.js: 6ms, application-code: 69ms)
 GET /staff/login 200 in 85ms (next.js: 6ms, application-code: 79ms)
 GET /staff/login 200 in 255ms (next.js: 178ms, application-code: 77ms)
 GET /staff/login 200 in 31ms (next.js: 3ms, application-code: 27ms)
 GET /staff/login 200 in 101ms (next.js: 44ms, application-code: 57ms)
 GET /staff/login 200 in 27ms (next.js: 1660µs, application-code: 25ms)
 GET /staff/login 200 in 168ms (next.js: 5ms, application-code: 162ms)
 GET /staff/login 200 in 135ms (next.js: 11ms, application-code: 124ms)
 GET /staff/login 200 in 173ms (next.js: 7ms, application-code: 166ms)
 GET /portal/force-reset-password 200 in 200ms (next.js: 40ms, application-code: 160ms)
 GET /portal/force-reset-password 200 in 87ms (next.js: 9ms, application-code: 78ms)
 GET /staff/login 200 in 80ms (next.js: 7ms, application-code: 73ms)
 GET /portal/force-reset-password 200 in 144ms (next.js: 11ms, application-code: 133ms)
 GET /portal/force-reset-password 200 in 64ms (next.js: 7ms, application-code: 58ms)
 GET /staff/login 200 in 74ms (next.js: 6ms, application-code: 68ms)
 GET /portal/force-reset-password 200 in 129ms (next.js: 7ms, application-code: 122ms)
 GET /portal/force-reset-password 200 in 66ms (next.js: 6ms, application-code: 60ms)
 GET /staff/login 200 in 408ms (next.js: 6ms, application-code: 401ms)
 GET /staff/login 200 in 271ms (next.js: 186ms, application-code: 85ms)
 GET /staff/login 200 in 30ms (next.js: 3ms, application-code: 27ms)
 GET /portal/force-reset-password 200 in 3.6s (next.js: 3.3s, application-code: 207ms)
 GET /portal/force-reset-password 200 in 67ms (next.js: 6ms, application-code: 61ms)
 GET /staff/login 200 in 122ms (next.js: 47ms, application-code: 75ms)
 GET /staff/login 200 in 747ms (next.js: 8ms, application-code: 739ms)
 GET /staff/login 200 in 167ms (next.js: 6ms, application-code: 160ms)
 GET /portal/force-reset-password 200 in 146ms (next.js: 9ms, application-code: 137ms)
 GET /portal/force-reset-password 200 in 80ms (next.js: 6ms, application-code: 74ms)
 GET /staff/login 200 in 77ms (next.js: 7ms, application-code: 71ms)
 GET /portal/force-reset-password 200 in 128ms (next.js: 7ms, application-code: 121ms)
 GET /portal/force-reset-password 200 in 61ms (next.js: 7ms, application-code: 54ms)
 GET /staff/login 200 in 66ms (next.js: 6ms, application-code: 59ms)
 GET /staff/login 200 in 260ms (next.js: 111ms, application-code: 149ms)
 GET /staff/login 200 in 33ms (next.js: 3ms, application-code: 30ms)
 GET /portal/force-reset-password 200 in 1961ms (next.js: 1780ms, application-code: 181ms)
 GET /staff/login 200 in 210ms (next.js: 34ms, application-code: 176ms)
 GET /staff/login 200 in 168ms (next.js: 7ms, application-code: 161ms)
 GET /portal/force-reset-password 200 in 139ms (next.js: 7ms, application-code: 131ms)
 GET /portal/force-reset-password 200 in 77ms (next.js: 7ms, application-code: 71ms)
○ Compiling /dashboard ...
 GET /dashboard 200 in 7.9s (next.js: 7.7s, application-code: 200ms)
 GET /dashboard 200 in 76ms (next.js: 10ms, application-code: 66ms)
○ Compiling /dashboard/bookings ...
 GET /dashboard/bookings 200 in 4.3s (next.js: 4.2s, application-code: 122ms)
 GET /dashboard 200 in 96ms (next.js: 34ms, application-code: 63ms)
○ Compiling /dashboard/departments ...
 GET /dashboard/departments 200 in 5.8s (next.js: 5.7s, application-code: 94ms)
 GET /owner 200 in 140ms (next.js: 50ms, application-code: 90ms)
 GET /owner 200 in 66ms (next.js: 7ms, application-code: 59ms)
○ Compiling /owner/approvals ...
 GET /owner/approvals 200 in 5.0s (next.js: 4.5s, application-code: 478ms)
 GET /owner/approvals 200 in 113ms (next.js: 13ms, application-code: 100ms)
○ Compiling /owner/admins ...
 GET /owner/admins 200 in 5.8s (next.js: 5.5s, application-code: 291ms)
 GET /owner/admins 200 in 1582ms (next.js: 49ms, application-code: 1533ms)
 GET /dashboard/departments 200 in 1077ms (next.js: 116ms, application-code: 960ms)
 GET /owner/admins 200 in 612ms (next.js: 3ms, application-code: 609ms)
 GET /dashboard/departments 200 in 568ms (next.js: 3ms, application-code: 564ms)
 GET /owner/admins 200 in 237ms (next.js: 154ms, application-code: 83ms)
 GET /dashboard/departments 200 in 43ms (next.js: 10ms, application-code: 32ms)
 GET /dashboard/departments 200 in 54ms (next.js: 5ms, application-code: 48ms)
 GET /owner/admins 200 in 24ms (next.js: 2ms, application-code: 21ms)
 GET /portal/complete-profile 200 in 3.3s (next.js: 3.1s, application-code: 266ms)
 GET /owner/admins 200 in 45ms (next.js: 15ms, application-code: 30ms)
 GET /dashboard/departments 200 in 82ms (next.js: 13ms, application-code: 69ms)
 GET /dashboard/departments 200 in 673ms (next.js: 101ms, application-code: 571ms)
 GET /owner/admins 200 in 216ms (next.js: 8ms, application-code: 208ms)
 GET /dashboard/departments 200 in 176ms (next.js: 13ms, application-code: 163ms)
○ Compiling /staff/login ...
 GET /staff/login 200 in 9.4s (next.js: 8.4s, application-code: 941ms)
○ Compiling /dashboard ...
 GET /dashboard 200 in 4.7s (next.js: 4.5s, application-code: 188ms)
 GET /dashboard 200 in 75ms (next.js: 8ms, application-code: 67ms)
 GET /staff/login 200 in 117ms (next.js: 41ms, application-code: 76ms)
○ Compiling / ...
 GET / 200 in 5.4s (next.js: 5.2s, application-code: 159ms)
 GET / 200 in 1338ms (next.js: 8ms, application-code: 1330ms)
 GET /staff/login 200 in 114ms (next.js: 33ms, application-code: 82ms)
○ Compiling /portal/force-reset-password ...
 GET /portal/force-reset-password 200 in 4.6s (next.js: 4.4s, application-code: 177ms)
 GET /portal/force-reset-password 200 in 78ms (next.js: 9ms, application-code: 69ms)
 GET /dashboard 200 in 116ms (next.js: 51ms, application-code: 65ms)
 GET /dashboard 200 in 60ms (next.js: 6ms, application-code: 54ms)
○ Compiling /portal/complete-profile ...
 GET /portal/complete-profile 200 in 8.3s (next.js: 6.6s, application-code: 1727ms)
 GET /owner/admins 200 in 588ms (next.js: 76ms, application-code: 513ms)
 GET /dashboard 200 in 169ms (next.js: 35ms, application-code: 134ms)
 GET /dashboard 200 in 53ms (next.js: 18ms, application-code: 35ms)
 GET /portal/complete-profile 200 in 392ms (next.js: 220ms, application-code: 172ms)
 GET /owner/admins 200 in 112ms (next.js: 31ms, application-code: 81ms)
 GET /dashboard 200 in 135ms (next.js: 43ms, application-code: 92ms)
 GET /owner/admins 200 in 65ms (next.js: 10ms, application-code: 56ms)
 GET /portal/complete-profile 200 in 35ms (next.js: 9ms, application-code: 26ms)
 GET /staff/login 200 in 4.3s (next.js: 3.1s, application-code: 1239ms)
 GET /staff/login?reason=session_expired 200 in 4.3s (next.js: 3.0s, application-code: 1303ms)
 GET /portal/complete-profile 200 in 596ms (next.js: 42ms, application-code: 553ms)
 GET /owner/admins 200 in 341ms (next.js: 37ms, application-code: 304ms)
○ Compiling /owner ...
 GET /owner 200 in 3.2s (next.js: 2.9s, application-code: 302ms)
 GET /owner 200 in 5.2s (next.js: 4.9s, application-code: 305ms)
 GET /owner 200 in 95ms (next.js: 8ms, application-code: 88ms)
 GET /staff/login 200 in 42ms (next.js: 15ms, application-code: 27ms)
 GET /owner 200 in 55ms (next.js: 7ms, application-code: 49ms)
 GET /owner 200 in 65ms (next.js: 8ms, application-code: 58ms)
 GET /owner/admins 200 in 85ms (next.js: 24ms, application-code: 61ms)
 GET /staff/login 200 in 51ms (next.js: 4ms, application-code: 47ms)
 GET /portal/force-reset-password 200 in 253ms (next.js: 70ms, application-code: 183ms)
 GET /portal/force-reset-password 200 in 85ms (next.js: 14ms, application-code: 72ms)
 GET /dashboard 200 in 165ms (next.js: 78ms, application-code: 87ms)
 GET /dashboard 200 in 77ms (next.js: 6ms, application-code: 71ms)
○ Compiling /dashboard/tasks ...
 GET /dashboard/tasks 200 in 9.3s (next.js: 8.8s, application-code: 528ms)
 GET /owner 200 in 408ms (next.js: 52ms, application-code: 357ms)
 GET /owner/admins 200 in 654ms (next.js: 75ms, application-code: 579ms)
 GET /owner 200 in 193ms (next.js: 7ms, application-code: 185ms)
 GET /owner/admins 200 in 130ms (next.js: 7ms, application-code: 123ms)
○ Compiling /dashboard/rooms ...
 GET /dashboard/rooms 200 in 8.1s (next.js: 7.8s, application-code: 221ms)
 GET /dashboard/rooms 200 in 242ms (next.js: 6ms, application-code: 236ms)
 GET /dashboard/rooms 200 in 135ms (next.js: 8ms, application-code: 127ms)
 GET /dashboard/rooms 200 in 77ms (next.js: 8ms, application-code: 69ms)
 GET /dashboard 200 in 140ms (next.js: 27ms, application-code: 113ms)
 GET /dashboard 200 in 55ms (next.js: 5ms, application-code: 50ms)
 GET /dashboard/rooms 200 in 1702ms (next.js: 134ms, application-code: 1568ms)
 GET /owner 200 in 304ms (next.js: 70ms, application-code: 234ms)
 GET /owner 200 in 320ms (next.js: 214ms, application-code: 105ms)
 GET /dashboard/rooms 200 in 49ms (next.js: 19ms, application-code: 30ms)
 GET /staff/login 200 in 57ms (next.js: 18ms, application-code: 39ms)
 GET /staff/login 200 in 26ms (next.js: 3ms, application-code: 24ms)
 GET /dashboard 200 in 38ms (next.js: 21ms, application-code: 17ms)
 GET /owner 200 in 20ms (next.js: 4ms, application-code: 16ms)
 GET /dashboard 200 in 228ms (next.js: 138ms, application-code: 89ms)
 GET /owner 200 in 41ms (next.js: 12ms, application-code: 29ms)
 GET /dashboard 500 in 394ms (next.js: 2ms, application-code: 392ms)
 GET /owner 200 in 45ms (next.js: 4ms, application-code: 41ms)
 GET /owner 200 in 34ms (next.js: 12ms, application-code: 23ms)
 GET /dashboard 200 in 3.8s (next.js: 3.6s, application-code: 164ms)
 GET /owner 200 in 59ms (next.js: 4ms, application-code: 55ms)
 GET /staff/login?error=missing-department 200 in 74ms (next.js: 33ms, application-code: 41ms)
 GET /staff/login 200 in 23ms (next.js: 2ms, application-code: 21ms)
 GET /owner 200 in 62ms (next.js: 10ms, application-code: 52ms)
 GET /staff/login 200 in 38ms (next.js: 3ms, application-code: 35ms)
 GET /owner 200 in 335ms (next.js: 200ms, application-code: 136ms)
 GET /staff/login 200 in 56ms (next.js: 16ms, application-code: 40ms)
 GET /staff/login 200 in 39ms (next.js: 4ms, application-code: 35ms)
 GET /owner 200 in 52ms (next.js: 5ms, application-code: 47ms)
 GET /owner 200 in 1624ms (next.js: 94ms, application-code: 1529ms)
 GET /staff/login 200 in 1311ms (next.js: 63ms, application-code: 1248ms)
 GET /owner 200 in 299ms (next.js: 187ms, application-code: 112ms)
 GET /staff/login 200 in 53ms (next.js: 14ms, application-code: 38ms)
 GET /staff/login 200 in 26ms (next.js: 3ms, application-code: 23ms)
 GET /owner 200 in 37ms (next.js: 5ms, application-code: 32ms)
 GET /owner 200 in 1215ms (next.js: 15ms, application-code: 1199ms)
 GET /staff/login 200 in 160ms (next.js: 9ms, application-code: 151ms)
 GET /owner 200 in 1279ms (next.js: 3ms, application-code: 1276ms)
 GET /staff/login 200 in 1397ms (next.js: 16ms, application-code: 1381ms)
 GET /owner 200 in 1187ms (next.js: 3ms, application-code: 1183ms)
 GET /staff/login 200 in 1234ms (next.js: 3ms, application-code: 1231ms)
 GET /owner 200 in 543ms (next.js: 347ms, application-code: 195ms)
 GET /staff/login 200 in 114ms (next.js: 24ms, application-code: 90ms)
 GET /owner 200 in 189ms (next.js: 24ms, application-code: 165ms)
 GET /staff/login 200 in 46ms (next.js: 3ms, application-code: 43ms)
 GET /owner 200 in 4.2s (next.js: 280ms, application-code: 3.9s)
 GET /owner 200 in 251ms (next.js: 26ms, application-code: 225ms)
 GET /owner 200 in 3.5s (next.js: 1883ms, application-code: 1605ms)
 GET /owner 200 in 131ms (next.js: 16ms, application-code: 116ms)
 GET /owner 200 in 153ms (next.js: 13ms, application-code: 140ms)
 GET /owner 200 in 76ms (next.js: 13ms, application-code: 63ms)
 GET /owner 200 in 68ms (next.js: 9ms, application-code: 59ms)
 GET /owner 200 in 206ms (next.js: 21ms, application-code: 185ms)
 GET /owner 200 in 106ms (next.js: 12ms, application-code: 94ms)
 GET /owner 200 in 119ms (next.js: 19ms, application-code: 99ms)
 GET /owner 200 in 63ms (next.js: 5ms, application-code: 58ms)
 GET /owner 200 in 50ms (next.js: 6ms, application-code: 44ms)
 GET /owner 200 in 39ms (next.js: 3ms, application-code: 36ms)
 GET /owner 200 in 85ms (next.js: 11ms, application-code: 74ms)
 GET /owner 200 in 65ms (next.js: 8ms, application-code: 56ms)
 GET /owner 200 in 455ms (next.js: 324ms, application-code: 131ms)
 GET /owner 200 in 4.4s (next.js: 1457ms, application-code: 2.9s)
○ Compiling /login ...
 GET /owner 200 in 139ms (next.js: 66ms, application-code: 73ms)
 GET / 200 in 20.9s (next.js: 19.1s, application-code: 1865ms)
 GET /owner 200 in 165ms (next.js: 6ms, application-code: 159ms)
 GET / 200 in 274ms (next.js: 13ms, application-code: 261ms)
 GET /owner 200 in 390ms (next.js: 195ms, application-code: 195ms)
 GET /owner 200 in 26ms (next.js: 3ms, application-code: 23ms)
 GET /owner 200 in 295ms (next.js: 5ms, application-code: 290ms)
 GET /owner 200 in 282ms (next.js: 184ms, application-code: 98ms)
 GET /owner 200 in 459ms (next.js: 16ms, application-code: 443ms)
 GET /owner 200 in 343ms (next.js: 2ms, application-code: 340ms)
 GET /owner 200 in 155ms (next.js: 111ms, application-code: 44ms)
 GET /owner 200 in 100ms (next.js: 60ms, application-code: 40ms)
 GET /owner 200 in 1691ms (next.js: 182ms, application-code: 1510ms)
 GET /owner 200 in 79ms (next.js: 7ms, application-code: 72ms)
 GET /owner 200 in 2.5s (next.js: 25ms, application-code: 2.5s)
 GET /owner 200 in 87ms (next.js: 11ms, application-code: 76ms)
 GET /owner 200 in 341ms (next.js: 19ms, application-code: 322ms)
 GET /owner 200 in 59ms (next.js: 5ms, application-code: 54ms)
 GET /owner 200 in 1931ms (next.js: 121ms, application-code: 1810ms)
○ Compiling /owner/staff-oversight ...
 GET /owner/staff-oversight 200 in 12.8s (next.js: 12.6s, application-code: 188ms)
 GET /owner/staff-oversight 200 in 61ms (next.js: 3ms, application-code: 59ms)
